// Jest Snapshot v1, https://goo.gl/fbAQLP

exports[`renders correctly 1`] = `
<View
  style={
    Object {
      "backgroundColor": "#fff",
      "flex": 1,
      "flexDirection": "column",
      "justifyContent": "center",
      "padding": 10,
    }
  }
>
  <View />
  <RCTScrollView>
    <View>
      <View
        style={
          Object {
            "alignItems": "center",
            "justifyContent": "center",
            "marginTop": "30%",
          }
        }
      >
        <Image
          source={
            Object {
              "testUri": "../../../src/assets/images/logo.png",
            }
          }
        />
      </View>
      <Text
        style={
          Object {
            "color": "#087f23",
            "fontWeight": "bold",
            "marginLeft": 10,
          }
        }
      >
        Username
      </Text>
      <View
        style={
          Object {
            "paddingHorizontal": 10,
            "width": "100%",
          }
        }
      >
        <View
          style={
            Object {
              "alignItems": "center",
              "borderBottomWidth": 1,
              "borderColor": "#86939e",
              "flexDirection": "row",
              "transform": Array [
                Object {
                  "translateX": 0,
                },
              ],
            }
          }
        >
          <View
            style={
              Object {
                "alignItems": "center",
                "height": 40,
                "justifyContent": "center",
                "marginVertical": 4,
                "paddingRight": 4,
              }
            }
          >
            <Text
              allowFontScaling={false}
              style={
                Array [
                  Object {
                    "color": "#087f23",
                    "fontSize": 25,
                  },
                  undefined,
                  Object {
                    "fontFamily": "FontAwesome",
                    "fontStyle": "normal",
                    "fontWeight": "normal",
                  },
                  Object {},
                ]
              }
            >
              
            </Text>
          </View>
          <TextInput
            allowFontScaling={true}
            autoCapitalize="none"
            editable={true}
            onChangeText={[Function]}
            placeholder="Username"
            placeholderTextColor="#e0e0e0"
            rejectResponderTermination={true}
            secureTextEntry={false}
            style={
              Object {
                "alignSelf": "center",
                "color": "black",
                "flex": 1,
                "fontSize": 14,
                "minHeight": 40,
              }
            }
            testID="username"
            underlineColorAndroid="transparent"
            value=""
          />
        </View>
        <Text
          style={
            Object {
              "color": "#ff190c",
              "fontSize": 12,
              "margin": 5,
            }
          }
        />
      </View>
      <Text
        style={
          Object {
            "color": "#087f23",
            "fontWeight": "bold",
            "marginLeft": 10,
          }
        }
      >
        Password
      </Text>
      <View
        style={
          Object {
            "paddingHorizontal": 10,
            "width": "100%",
          }
        }
      >
        <View
          style={
            Object {
              "alignItems": "center",
              "borderBottomWidth": 1,
              "borderColor": "#86939e",
              "flexDirection": "row",
              "transform": Array [
                Object {
                  "translateX": 0,
                },
              ],
            }
          }
        >
          <View
            style={
              Object {
                "alignItems": "center",
                "height": 40,
                "justifyContent": "center",
                "marginVertical": 4,
                "paddingRight": 4,
              }
            }
          >
            <Text
              allowFontScaling={false}
              style={
                Array [
                  Object {
                    "color": "#087f23",
                    "fontSize": 25,
                  },
                  undefined,
                  Object {
                    "fontFamily": "FontAwesome",
                    "fontStyle": "normal",
                    "fontWeight": "normal",
                  },
                  Object {},
                ]
              }
            >
              
            </Text>
          </View>
          <TextInput
            allowFontScaling={true}
            autoCapitalize="none"
            editable={true}
            onChangeText={[Function]}
            placeholder="Password"
            placeholderTextColor="#e0e0e0"
            rejectResponderTermination={true}
            secureTextEntry={true}
            style={
              Object {
                "alignSelf": "center",
                "color": "black",
                "flex": 1,
                "fontSize": 14,
                "minHeight": 40,
              }
            }
            testID="password"
            underlineColorAndroid="transparent"
            value=""
          />
        </View>
        <Text
          style={
            Object {
              "color": "#ff190c",
              "fontSize": 12,
              "margin": 5,
            }
          }
        />
      </View>
      <View
        style={
          Object {
            "flex": 1,
            "flexDirection": "row",
            "justifyContent": "flex-end",
            "margin": 0.1,
          }
        }
      >
        <Text
          accessible={true}
          focusable={true}
          onClick={[Function]}
          onResponderGrant={[Function]}
          onResponderMove={[Function]}
          onResponderRelease={[Function]}
          onResponderTerminate={[Function]}
          onResponderTerminationRequest={[Function]}
          onStartShouldSetResponder={[Function]}
          style={
            Object {
              "textDecorationLine": "underline",
            }
          }
        >
          Forgot Password?
        </Text>
      </View>
      <View
        style={
          Object {
            "flex": 0.14,
            "flexDirection": "row",
            "marginTop": "5%",
          }
        }
      >
        <View
          style={
            Object {
              "flex": 1,
            }
          }
        >
          <View
            style={
              Object {
                "backgroundColor": "#fff",
                "borderRadius": 3,
                "margin": 10,
                "overflow": "hidden",
                "shadowColor": "rgba(0,0,0, .4)",
                "shadowOffset": Object {
                  "height": 1,
                  "width": 1,
                },
                "shadowOpacity": 1,
                "shadowRadius": 1,
              }
            }
          >
            <View
              accessibilityRole="button"
              accessibilityState={
                Object {
                  "busy": false,
                  "disabled": false,
                }
              }
              accessible={true}
              focusable={true}
              onClick={[Function]}
              onResponderGrant={[Function]}
              onResponderMove={[Function]}
              onResponderRelease={[Function]}
              onResponderTerminate={[Function]}
              onResponderTerminationRequest={[Function]}
              onStartShouldSetResponder={[Function]}
              style={
                Object {
                  "opacity": 1,
                }
              }
            >
              <View
                style={
                  Object {
                    "alignItems": "center",
                    "backgroundColor": "transparent",
                    "borderColor": "#087f23",
                    "borderRadius": 3,
                    "borderStyle": "solid",
                    "borderWidth": 1,
                    "flexDirection": "row",
                    "justifyContent": "center",
                    "padding": 8,
                  }
                }
              >
                <Text
                  style={
                    Object {
                      "color": "#087f23",
                      "fontSize": 18,
                      "paddingBottom": 1,
                      "paddingTop": 2,
                      "textAlign": "center",
                    }
                  }
                >
                  Login
                </Text>
              </View>
            </View>
          </View>
        </View>
        <View
          style={
            Object {
              "flex": 1,
            }
          }
        >
          <View
            style={
              Object {
                "backgroundColor": "#fff",
                "borderRadius": 3,
                "margin": 10,
                "overflow": "hidden",
                "shadowColor": "rgba(0,0,0, .4)",
                "shadowOffset": Object {
                  "height": 1,
                  "width": 1,
                },
                "shadowOpacity": 1,
                "shadowRadius": 1,
              }
            }
          >
            <View
              accessibilityRole="button"
              accessibilityState={
                Object {
                  "busy": false,
                  "disabled": false,
                }
              }
              accessible={true}
              focusable={true}
              onClick={[Function]}
              onResponderGrant={[Function]}
              onResponderMove={[Function]}
              onResponderRelease={[Function]}
              onResponderTerminate={[Function]}
              onResponderTerminationRequest={[Function]}
              onStartShouldSetResponder={[Function]}
              style={
                Object {
                  "opacity": 1,
                }
              }
            >
              <View
                style={
                  Object {
                    "alignItems": "center",
                    "backgroundColor": "transparent",
                    "borderColor": "#087f23",
                    "borderRadius": 3,
                    "borderStyle": "solid",
                    "borderWidth": 1,
                    "flexDirection": "row",
                    "justifyContent": "center",
                    "padding": 8,
                  }
                }
              >
                <Text
                  style={
                    Object {
                      "color": "#087f23",
                      "fontSize": 18,
                      "paddingBottom": 1,
                      "paddingTop": 2,
                      "textAlign": "center",
                    }
                  }
                >
                  Cancel
                </Text>
              </View>
            </View>
          </View>
        </View>
      </View>
      <View
        style={
          Object {
            "alignItems": "center",
            "flex": 0.01,
            "flexDirection": "row",
            "justifyContent": "center",
            "marginTop": "10%",
          }
        }
      >
        <Text
          style={
            Object {
              "color": "gray",
              "fontSize": 17,
            }
          }
        >
          New User
        </Text>
        <Text
          accessible={true}
          focusable={true}
          onClick={[Function]}
          onResponderGrant={[Function]}
          onResponderMove={[Function]}
          onResponderRelease={[Function]}
          onResponderTerminate={[Function]}
          onResponderTerminationRequest={[Function]}
          onStartShouldSetResponder={[Function]}
          style={
            Object {
              "color": "green",
              "fontSize": 18,
              "marginLeft": 5,
              "textDecorationLine": "underline",
            }
          }
        >
          SignUp
        </Text>
      </View>
    </View>
  </RCTScrollView>
</View>
`;
